[html-templates.multipurposethemes.com/bootstrap-3/admin/cross-admin/src/index-2.html]
[backblue.gif]
[fade.gif]
[index.html]
[html-templates.multipurposethemes.com/bootstrap-3/admin/cross-admin/src/assets/vendor_components/bootstrap/dist/css/bootstrap.css]
[html-templates.multipurposethemes.com/bootstrap-3/admin/cross-admin/src/assets/vendor_components/font-awesome/css/font-awesome.css]
[html-templates.multipurposethemes.com/bootstrap-3/admin/cross-admin/src/assets/vendor_components/Ionicons/css/ionicons.css]
[html-templates.multipurposethemes.com/bootstrap-3/admin/cross-admin/src/css/master_style.css]
[html-templates.multipurposethemes.com/bootstrap-3/admin/cross-admin/src/css/skins/_all-skins.css]
[html-templates.multipurposethemes.com/bootstrap-3/admin/cross-admin/src/assets/vendor_components/morris.js/morris.css]
[html-templates.multipurposethemes.com/bootstrap-3/admin/cross-admin/src/assets/vendor_components/bootstrap-datepicker/dist/css/bootstrap-datepicker.css]
[html-templates.multipurposethemes.com/bootstrap-3/admin/cross-admin/src/assets/vendor_components/bootstrap-daterangepicker/daterangepicker.css]
[html-templates.multipurposethemes.com/bootstrap-3/admin/cross-admin/src/assets/vendor_plugins/bootstrap-wysihtml5/bootstrap3-wysihtml5.css]
[html-templates.multipurposethemes.com/bootstrap-3/admin/cross-admin/src/index.html]
[html-templates.multipurposethemes.com/bootstrap-3/admin/cross-admin/images/user2-160x160.jpg]
[html-templates.multipurposethemes.com/bootstrap-3/admin/cross-admin/images/user2-280x90.jpg]
[html-templates.multipurposethemes.com/bootstrap-3/admin/cross-admin/images/user3-128x128.jpg]
[html-templates.multipurposethemes.com/bootstrap-3/admin/cross-admin/images/user4-128x128.jpg]
[html-templates.multipurposethemes.com/bootstrap-3/admin/cross-admin/src/index-3.html]
[html-templates.multipurposethemes.com/bootstrap-3/admin/cross-admin/src/pages/layout/boxed.html]
[html-templates.multipurposethemes.com/bootstrap-3/admin/cross-admin/src/pages/layout/fixed.html]
[html-templates.multipurposethemes.com/bootstrap-3/admin/cross-admin/src/pages/layout/collapsed-sidebar.html]
[html-templates.multipurposethemes.com/bootstrap-3/admin/cross-admin/src/pages/widgets.html]
[html-templates.multipurposethemes.com/bootstrap-3/admin/cross-admin/src/pages/charts/chartjs.html]
[html-templates.multipurposethemes.com/bootstrap-3/admin/cross-admin/src/pages/charts/morris.html]
[html-templates.multipurposethemes.com/bootstrap-3/admin/cross-admin/src/pages/charts/flot.html]
[html-templates.multipurposethemes.com/bootstrap-3/admin/cross-admin/src/pages/charts/inline.html]
[html-templates.multipurposethemes.com/bootstrap-3/admin/cross-admin/src/pages/UI/general.html]
[html-templates.multipurposethemes.com/bootstrap-3/admin/cross-admin/src/pages/UI/buttons.html]
[html-templates.multipurposethemes.com/bootstrap-3/admin/cross-admin/src/pages/UI/icons.html]
[html-templates.multipurposethemes.com/bootstrap-3/admin/cross-admin/src/pages/UI/sliders.html]
[html-templates.multipurposethemes.com/bootstrap-3/admin/cross-admin/src/pages/UI/timeline.html]
[html-templates.multipurposethemes.com/bootstrap-3/admin/cross-admin/src/pages/UI/modals.html]
[html-templates.multipurposethemes.com/bootstrap-3/admin/cross-admin/src/pages/forms/general.html]
[html-templates.multipurposethemes.com/bootstrap-3/admin/cross-admin/src/pages/forms/advanced.html]
[html-templates.multipurposethemes.com/bootstrap-3/admin/cross-admin/src/pages/forms/editors.html]
[html-templates.multipurposethemes.com/bootstrap-3/admin/cross-admin/src/pages/tables/simple.html]
[html-templates.multipurposethemes.com/bootstrap-3/admin/cross-admin/src/pages/tables/data.html]
[html-templates.multipurposethemes.com/bootstrap-3/admin/cross-admin/src/pages/calendar.html]
[html-templates.multipurposethemes.com/bootstrap-3/admin/cross-admin/src/pages/mailbox/mailbox.html]
[html-templates.multipurposethemes.com/bootstrap-3/admin/cross-admin/src/pages/examples/invoice.html]
[html-templates.multipurposethemes.com/bootstrap-3/admin/cross-admin/src/pages/examples/profile.html]
[html-templates.multipurposethemes.com/bootstrap-3/admin/cross-admin/src/pages/examples/login.html]
[html-templates.multipurposethemes.com/bootstrap-3/admin/cross-admin/src/pages/examples/lockscreen.html]
[html-templates.multipurposethemes.com/bootstrap-3/admin/cross-admin/src/pages/examples/404.html]
[html-templates.multipurposethemes.com/bootstrap-3/admin/cross-admin/src/pages/examples/500.html]
[html-templates.multipurposethemes.com/bootstrap-3/admin/cross-admin/src/pages/examples/blank.html]
[html-templates.multipurposethemes.com/bootstrap-3/admin/cross-admin/src/pages/examples/pace.html]
[html-templates.multipurposethemes.com/bootstrap-3/admin/cross-admin/src/assets/vendor_components/bootstrap/dist/js/bootstrap.js]
[html-templates.multipurposethemes.com/bootstrap-3/admin/cross-admin/src/assets/vendor_components/morris.js/morris.js]
[html-templates.multipurposethemes.com/bootstrap-3/admin/cross-admin/src/assets/vendor_components/jquery/dist/jquery.js]
[html-templates.multipurposethemes.com/bootstrap-3/admin/cross-admin/src/assets/vendor_components/raphael/raphael.js]
[html-templates.multipurposethemes.com/bootstrap-3/admin/cross-admin/src/assets/vendor_components/jquery-knob/js/jquery.knob.js]
[html-templates.multipurposethemes.com/bootstrap-3/admin/cross-admin/src/assets/vendor_components/moment/min/moment.min.js]
[html-templates.multipurposethemes.com/bootstrap-3/admin/cross-admin/src/assets/vendor_components/jquery-sparkline/dist/jquery.sparkline.js]
[html-templates.multipurposethemes.com/bootstrap-3/admin/cross-admin/src/assets/vendor_components/bootstrap-daterangepicker/daterangepicker.js]
[html-templates.multipurposethemes.com/bootstrap-3/admin/cross-admin/src/assets/vendor_components/jquery-ui/jquery-ui.js]
[html-templates.multipurposethemes.com/bootstrap-3/admin/cross-admin/src/assets/vendor_components/jquery-slimscroll/jquery.slimscroll.js]
[html-templates.multipurposethemes.com/bootstrap-3/admin/cross-admin/src/assets/vendor_components/bootstrap-datepicker/dist/js/bootstrap-datepicker.js]
[html-templates.multipurposethemes.com/bootstrap-3/admin/cross-admin/src/assets/vendor_components/fastclick/lib/fastclick.js]
[html-templates.multipurposethemes.com/bootstrap-3/admin/cross-admin/src/js/template.js]
[html-templates.multipurposethemes.com/bootstrap-3/admin/cross-admin/src/index-2.html]
[html-templates.multipurposethemes.com/bootstrap-3/admin/cross-admin/src/js/pages/dashboard2.js]
[html-templates.multipurposethemes.com/bootstrap-3/admin/cross-admin/src/assets/vendor_components/chart-js/chart.js]
[html-templates.multipurposethemes.com/bootstrap-3/admin/cross-admin/src/js/demo.js]
[html-templates.multipurposethemes.com/bootstrap-3/admin/cross-admin/src/assets/vendor_components/bootstrap/dist/fonts/glyphicons-halflings-regular.eot]
[html-templates.multipurposethemes.com/bootstrap-3/admin/cross-admin/src/assets/vendor_components/bootstrap/dist/fonts/glyphicons-halflings-regulard41d.eot]
[html-templates.multipurposethemes.com/bootstrap-3/admin/cross-admin/src/assets/vendor_components/bootstrap/dist/fonts/glyphicons-halflings-regular.woff2]
[html-templates.multipurposethemes.com/bootstrap-3/admin/cross-admin/src/assets/vendor_components/bootstrap/dist/fonts/glyphicons-halflings-regular.woff]
[html-templates.multipurposethemes.com/bootstrap-3/admin/cross-admin/src/assets/vendor_components/bootstrap/dist/fonts/glyphicons-halflings-regular.ttf]
[html-templates.multipurposethemes.com/bootstrap-3/admin/cross-admin/src/assets/vendor_components/bootstrap/dist/css/bootstrap.css]
[html-templates.multipurposethemes.com/bootstrap-3/admin/cross-admin/src/assets/vendor_components/font-awesome/fonts/fontawesome-webfont3e6e.eot]
[html-templates.multipurposethemes.com/bootstrap-3/admin/cross-admin/src/assets/vendor_components/font-awesome/fonts/fontawesome-webfontd41d.eot]
[html-templates.multipurposethemes.com/bootstrap-3/admin/cross-admin/src/assets/vendor_plugins/bootstrap-wysihtml5/bootstrap3-wysihtml5.all.js]
[html-templates.multipurposethemes.com/bootstrap-3/admin/cross-admin/src/assets/vendor_components/font-awesome/fonts/fontawesome-webfont3e6e.woff]
[html-templates.multipurposethemes.com/bootstrap-3/admin/cross-admin/src/assets/vendor_components/font-awesome/fonts/fontawesome-webfont3e6e.woff2]
[html-templates.multipurposethemes.com/bootstrap-3/admin/cross-admin/src/assets/vendor_components/font-awesome/fonts/fontawesome-webfont3e6e.ttf]
[html-templates.multipurposethemes.com/bootstrap-3/admin/cross-admin/src/assets/vendor_components/font-awesome/css/font-awesome.css]
[html-templates.multipurposethemes.com/bootstrap-3/admin/cross-admin/src/assets/vendor_components/Ionicons/fonts/ionicons28b5.eot]
[html-templates.multipurposethemes.com/bootstrap-3/admin/cross-admin/src/assets/vendor_components/Ionicons/fonts/ionicons28b5.ttf]
[html-templates.multipurposethemes.com/bootstrap-3/admin/cross-admin/src/assets/vendor_components/Ionicons/fonts/ionicons28b5.woff]
[html-templates.multipurposethemes.com/bootstrap-3/admin/cross-admin/src/assets/vendor_components/Ionicons/css/ionicons.css]
[html-templates.multipurposethemes.com/bootstrap-3/admin/cross-admin/src/img/boxed-bg.jpg]
[html-templates.multipurposethemes.com/bootstrap-3/admin/cross-admin/images/user-info.jpg]
[html-templates.multipurposethemes.com/bootstrap-3/admin/cross-admin/images/error-bg.jpg]
[html-templates.multipurposethemes.com/bootstrap-3/admin/cross-admin/src/css/master_style.css]
[html-templates.multipurposethemes.com/bootstrap-3/admin/cross-admin/src/css/skins/_all-skins.css]
[html-templates.multipurposethemes.com/bootstrap-3/admin/cross-admin/src/assets/vendor_components/morris.js/morris.css]
[html-templates.multipurposethemes.com/bootstrap-3/admin/cross-admin/src/assets/vendor_components/bootstrap-datepicker/dist/css/bootstrap-datepicker.css]
[html-templates.multipurposethemes.com/bootstrap-3/admin/cross-admin/src/assets/vendor_components/bootstrap-daterangepicker/daterangepicker.css]
[html-templates.multipurposethemes.com/bootstrap-3/admin/cross-admin/src/assets/vendor_plugins/bootstrap-wysihtml5/bootstrap3-wysihtml5.css]
[html-templates.multipurposethemes.com/bootstrap-3/admin/cross-admin/src/assets/vendor_components/jvectormap/jquery-jvectormap.css]
[html-templates.multipurposethemes.com/bootstrap-3/admin/cross-admin/src/assets/vendor_plugins/jvectormap/jquery-jvectormap-1.2.2.min.js]
[html-templates.multipurposethemes.com/bootstrap-3/admin/cross-admin/src/index.html]
[html-templates.multipurposethemes.com/bootstrap-3/admin/cross-admin/src/js/pages/dashboard.js]
[html-templates.multipurposethemes.com/bootstrap-3/admin/cross-admin/src/assets/vendor_plugins/jvectormap/jquery-jvectormap-world-mill-en.js]
[html-templates.multipurposethemes.com/bootstrap-3/admin/cross-admin/src/pages/mailbox/read-mail.html]
[html-templates.multipurposethemes.com/bootstrap-3/admin/cross-admin/src/pages/mailbox/compose.html]
[html-templates.multipurposethemes.com/bootstrap-3/admin/cross-admin/images/default-50x50.jpg]
[html-templates.multipurposethemes.com/bootstrap-3/admin/cross-admin/src/index-3.html]
[html-templates.multipurposethemes.com/bootstrap-3/admin/cross-admin/src/js/pages/dashboard3.js]
[html-templates.multipurposethemes.com/bootstrap-3/admin/cross-admin/src/assets/vendor_components/bootstrap/dist/css/bootstrap.min.css]
[html-templates.multipurposethemes.com/bootstrap-3/admin/cross-admin/src/assets/vendor_components/font-awesome/css/font-awesome.min.css]
[html-templates.multipurposethemes.com/bootstrap-3/admin/cross-admin/src/assets/vendor_components/Ionicons/css/ionicons.min.css]
[html-templates.multipurposethemes.com/bootstrap-3/admin/cross-admin/src/pages/layout/boxed.html]
[html-templates.multipurposethemes.com/bootstrap-3/admin/cross-admin/src/pages/layout/fixed.html]
[html-templates.multipurposethemes.com/bootstrap-3/admin/cross-admin/src/pages/layout/collapsed-sidebar.html]
[html-templates.multipurposethemes.com/bootstrap-3/admin/cross-admin/src/assets/vendor_components/jquery-slimscroll/jquery.slimscroll.min.js]
[html-templates.multipurposethemes.com/bootstrap-3/admin/cross-admin/src/assets/vendor_components/bootstrap/dist/js/bootstrap.min.js]
[html-templates.multipurposethemes.com/bootstrap-3/admin/cross-admin/src/assets/vendor_components/jquery/dist/jquery.min.js]
[html-templates.multipurposethemes.com/bootstrap-3/admin/cross-admin/images/user1-128x128.jpg]
[html-templates.multipurposethemes.com/bootstrap-3/admin/cross-admin/images/user7-128x128.jpg]
[html-templates.multipurposethemes.com/bootstrap-3/admin/cross-admin/images/photo1.png]
[html-templates.multipurposethemes.com/bootstrap-3/admin/cross-admin/images/photo2.png]
[html-templates.multipurposethemes.com/bootstrap-3/admin/cross-admin/images/user5-128x128.jpg]
[html-templates.multipurposethemes.com/bootstrap-3/admin/cross-admin/src/pages/widgets.html]
[html-templates.multipurposethemes.com/bootstrap-3/admin/cross-admin/src/pages/charts/chartjs.html]
[html-templates.multipurposethemes.com/bootstrap-3/admin/cross-admin/src/js/pages/widget-charts.js]
[html-templates.multipurposethemes.com/bootstrap-3/admin/cross-admin/src/assets/vendor_components/morris.js/morris.min.js]
[html-templates.multipurposethemes.com/bootstrap-3/admin/cross-admin/src/assets/vendor_components/raphael/raphael.min.js]
[html-templates.multipurposethemes.com/bootstrap-3/admin/cross-admin/src/pages/charts/morris.html]
[html-templates.multipurposethemes.com/bootstrap-3/admin/cross-admin/src/js/pages/widget-morris-charts.js]
[html-templates.multipurposethemes.com/bootstrap-3/admin/cross-admin/src/pages/layout/top-nav.html]
[html-templates.multipurposethemes.com/bootstrap-3/admin/cross-admin/src/assets/vendor_components/Flot/jquery.flot.resize.js]
[html-templates.multipurposethemes.com/bootstrap-3/admin/cross-admin/src/assets/vendor_components/Flot/jquery.flot.pie.js]
[html-templates.multipurposethemes.com/bootstrap-3/admin/cross-admin/src/assets/vendor_components/Flot/jquery.flot.js]
[html-templates.multipurposethemes.com/bootstrap-3/admin/cross-admin/src/assets/vendor_components/Flot/jquery.flot.categories.js]
[html-templates.multipurposethemes.com/bootstrap-3/admin/cross-admin/src/pages/charts/flot.html]
[html-templates.multipurposethemes.com/bootstrap-3/admin/cross-admin/src/js/pages/widget-flot-charts.js]
[html-templates.multipurposethemes.com/bootstrap-3/admin/cross-admin/src/pages/charts/inline.html]
[html-templates.multipurposethemes.com/bootstrap-3/admin/cross-admin/src/js/pages/widget-inline-charts.js]
[html-templates.multipurposethemes.com/bootstrap-3/admin/cross-admin/src/pages/UI/general.html]
[html-templates.multipurposethemes.com/bootstrap-3/admin/cross-admin/src/pages/UI/icons.html]
[html-templates.multipurposethemes.com/bootstrap-3/admin/cross-admin/src/assets/vendor_components/jquery-sparkline/dist/jquery.sparkline.min.js]
[html-templates.multipurposethemes.com/bootstrap-3/admin/cross-admin/src/pages/UI/buttons.html]
[html-templates.multipurposethemes.com/bootstrap-3/admin/cross-admin/src/assets/vendor_plugins/bootstrap-slider/slider.css]
[html-templates.multipurposethemes.com/bootstrap-3/admin/cross-admin/images/img1.jpg]
[html-templates.multipurposethemes.com/bootstrap-3/admin/cross-admin/images/img2.jpg]
[html-templates.multipurposethemes.com/bootstrap-3/admin/cross-admin/images/img3.jpg]
[html-templates.multipurposethemes.com/bootstrap-3/admin/cross-admin/src/assets/vendor_plugins/bootstrap-slider/bootstrap-slider.js]
[html-templates.multipurposethemes.com/bootstrap-3/admin/cross-admin/src/js/pages/ui-slider.js]
[html-templates.multipurposethemes.com/bootstrap-3/admin/cross-admin/src/pages/UI/sliders.html]
[html-templates.multipurposethemes.com/bootstrap-3/admin/cross-admin/images/150x100.png]
[html-templates.multipurposethemes.com/bootstrap-3/admin/cross-admin/src/pages/UI/timeline.html]
[html-templates.multipurposethemes.com/bootstrap-3/admin/cross-admin/images/model2.png]
[html-templates.multipurposethemes.com/bootstrap-3/admin/cross-admin/images/model.png]
[html-templates.multipurposethemes.com/bootstrap-3/admin/cross-admin/images/model3.png]
[html-templates.multipurposethemes.com/bootstrap-3/admin/cross-admin/src/pages/UI/modals.html]
[html-templates.multipurposethemes.com/bootstrap-3/admin/cross-admin/src/pages/forms/general.html]
[html-templates.multipurposethemes.com/bootstrap-3/admin/cross-admin/src/assets/vendor_components/bootstrap-datepicker/dist/css/bootstrap-datepicker.min.css]
[html-templates.multipurposethemes.com/bootstrap-3/admin/cross-admin/src/assets/vendor_plugins/iCheck/all.css]
[html-templates.multipurposethemes.com/bootstrap-3/admin/cross-admin/src/assets/vendor_components/bootstrap-colorpicker/dist/css/bootstrap-colorpicker.min.css]
[html-templates.multipurposethemes.com/bootstrap-3/admin/cross-admin/src/assets/vendor_plugins/timepicker/bootstrap-timepicker.min.css]
[html-templates.multipurposethemes.com/bootstrap-3/admin/cross-admin/src/assets/vendor_components/select2/dist/css/select2.min.css]
[html-templates.multipurposethemes.com/bootstrap-3/admin/cross-admin/src/assets/vendor_plugins/input-mask/jquery.inputmask.js]
[html-templates.multipurposethemes.com/bootstrap-3/admin/cross-admin/src/assets/vendor_plugins/input-mask/jquery.inputmask.date.extensions.js]
[html-templates.multipurposethemes.com/bootstrap-3/admin/cross-admin/src/assets/vendor_components/select2/dist/js/select2.full.js]
[html-templates.multipurposethemes.com/bootstrap-3/admin/cross-admin/src/assets/vendor_plugins/input-mask/jquery.inputmask.extensions.js]
[html-templates.multipurposethemes.com/bootstrap-3/admin/cross-admin/src/assets/vendor_components/bootstrap-colorpicker/dist/js/bootstrap-colorpicker.min.js]
[html-templates.multipurposethemes.com/bootstrap-3/admin/cross-admin/src/assets/vendor_components/bootstrap-datepicker/dist/js/bootstrap-datepicker.min.js]
[html-templates.multipurposethemes.com/bootstrap-3/admin/cross-admin/src/assets/vendor_plugins/timepicker/bootstrap-timepicker.min.js]
[html-templates.multipurposethemes.com/bootstrap-3/admin/cross-admin/src/assets/vendor_plugins/iCheck/icheck.min.js]
[html-templates.multipurposethemes.com/bootstrap-3/admin/cross-admin/src/pages/forms/advanced.html]
[html-templates.multipurposethemes.com/bootstrap-3/admin/cross-admin/src/js/pages/advanced-form-element.js]
[html-templates.multipurposethemes.com/bootstrap-3/admin/cross-admin/src/pages/forms/editors.html]
[html-templates.multipurposethemes.com/bootstrap-3/admin/cross-admin/src/js/pages/editor.js]
[html-templates.multipurposethemes.com/bootstrap-3/admin/cross-admin/src/forms/general.html]
[html-templates.multipurposethemes.com/bootstrap-3/admin/cross-admin/src/forms/advanced.html]
[html-templates.multipurposethemes.com/bootstrap-3/admin/cross-admin/src/forms/editors.html]
[html-templates.multipurposethemes.com/bootstrap-3/admin/cross-admin/src/pages/tables/simple.html]
[html-templates.multipurposethemes.com/bootstrap-3/admin/cross-admin/src/assets/vendor_components/datatables.net/js/jquery.dataTables.min.js]
[html-templates.multipurposethemes.com/bootstrap-3/admin/cross-admin/src/assets/vendor_components/datatables.net-bs/js/dataTables.bootstrap.min.js]
[html-templates.multipurposethemes.com/bootstrap-3/admin/cross-admin/src/assets/vendor_plugins/DataTables-1.10.15/media/js/jquery.dataTables.min.js]
[html-templates.multipurposethemes.com/bootstrap-3/admin/cross-admin/src/assets/vendor_plugins/DataTables-1.10.15/extensions/Buttons/js/buttons.flash.min.js]
[html-templates.multipurposethemes.com/bootstrap-3/admin/cross-admin/src/assets/vendor_plugins/DataTables-1.10.15/extensions/Buttons/js/dataTables.buttons.min.91.delay]
[html-templates.multipurposethemes.com/bootstrap-3/admin/cross-admin/src/assets/vendor_components/ckeditor/ckeditor.js]
[html-templates.multipurposethemes.com/bootstrap-3/admin/cross-admin/src/assets/vendor_plugins/DataTables-1.10.15/ex-js/jszip.min.js]
[html-templates.multipurposethemes.com/bootstrap-3/admin/cross-admin/src/assets/vendor_plugins/DataTables-1.10.15/extensions/Buttons/js/buttons.html5.min.js]
[html-templates.multipurposethemes.com/bootstrap-3/admin/cross-admin/src/assets/vendor_plugins/DataTables-1.10.15/extensions/Buttons/js/buttons.print.min.js]
[html-templates.multipurposethemes.com/bootstrap-3/admin/cross-admin/src/js/pages/data-table.js]
[html-templates.multipurposethemes.com/bootstrap-3/admin/cross-admin/src/pages/tables/data.html]
[html-templates.multipurposethemes.com/bootstrap-3/admin/cross-admin/src/assets/vendor_components/fullcalendar/dist/fullcalendar.min.css]
[html-templates.multipurposethemes.com/bootstrap-3/admin/cross-admin/src/assets/vendor_components/fullcalendar/dist/fullcalendar.print.min.css]
[html-templates.multipurposethemes.com/bootstrap-3/admin/cross-admin/src/assets/vendor_plugins/DataTables-1.10.15/ex-js/pdfmake.min.js]
[html-templates.multipurposethemes.com/bootstrap-3/admin/cross-admin/src/assets/vendor_components/moment/moment.js]
[html-templates.multipurposethemes.com/bootstrap-3/admin/cross-admin/src/assets/vendor_plugins/DataTables-1.10.15/ex-js/vfs_fonts.js]
[html-templates.multipurposethemes.com/bootstrap-3/admin/cross-admin/src/js/pages/calendar.js]
[html-templates.multipurposethemes.com/bootstrap-3/admin/cross-admin/src/assets/vendor_components/jquery-ui/jquery-ui.min.js]
[html-templates.multipurposethemes.com/bootstrap-3/admin/cross-admin/src/pages/calendar.html]
[html-templates.multipurposethemes.com/bootstrap-3/admin/cross-admin/src/assets/vendor_plugins/iCheck/flat/blue.css]
[html-templates.multipurposethemes.com/bootstrap-3/admin/cross-admin/src/assets/vendor_components/fullcalendar/dist/fullcalendar.min.js]
[html-templates.multipurposethemes.com/bootstrap-3/admin/cross-admin/src/pages/mailbox/mailbox.html]
[html-templates.multipurposethemes.com/bootstrap-3/admin/cross-admin/src/assets/vendor_plugins/iCheck/icheck.js]
[html-templates.multipurposethemes.com/bootstrap-3/admin/cross-admin/src/js/pages/mailbox.js]
[html-templates.multipurposethemes.com/bootstrap-3/admin/cross-admin/images/visa.png]
[html-templates.multipurposethemes.com/bootstrap-3/admin/cross-admin/images/mastercard.png]
[html-templates.multipurposethemes.com/bootstrap-3/admin/cross-admin/images/american-express.png]
[html-templates.multipurposethemes.com/bootstrap-3/admin/cross-admin/images/paypal2.png]
[html-templates.multipurposethemes.com/bootstrap-3/admin/cross-admin/src/assets/vendor_plugins/JqueryPrintArea/demo/jquery.PrintArea.js]
[html-templates.multipurposethemes.com/bootstrap-3/admin/cross-admin/src/pages/examples/invoice.html]
[html-templates.multipurposethemes.com/bootstrap-3/admin/cross-admin/src/js/pages/invoice.js]
[html-templates.multipurposethemes.com/bootstrap-3/admin/cross-admin/images/5.jpg]
[html-templates.multipurposethemes.com/bootstrap-3/admin/cross-admin/images/user6-128x128.jpg]
[html-templates.multipurposethemes.com/bootstrap-3/admin/cross-admin/images/photo3.jpg]
[html-templates.multipurposethemes.com/bootstrap-3/admin/cross-admin/images/photo4.jpg]
[html-templates.multipurposethemes.com/bootstrap-3/admin/cross-admin/src/pages/examples/profile.html]
[html-templates.multipurposethemes.com/bootstrap-3/admin/cross-admin/src/pages/examples/login.html]
[html-templates.multipurposethemes.com/bootstrap-3/admin/cross-admin/src/pages/examples/lockscreen.html]
[html-templates.multipurposethemes.com/bootstrap-3/admin/cross-admin/src/pages/examples/404.html]
[html-templates.multipurposethemes.com/bootstrap-3/admin/cross-admin/src/pages/examples/500.html]
[html-templates.multipurposethemes.com/bootstrap-3/admin/cross-admin/src/pages/examples/blank.html]
[html-templates.multipurposethemes.com/bootstrap-3/admin/cross-admin/src/assets/vendor_plugins/pace/pace.min.css]
[html-templates.multipurposethemes.com/bootstrap-3/admin/cross-admin/src/pages/examples/pace.html]
[html-templates.multipurposethemes.com/bootstrap-3/admin/cross-admin/src/js/pages/pace.js]
[html-templates.multipurposethemes.com/bootstrap-3/admin/cross-admin/src/assets/vendor_components/PACE/pace.min.js]
[html-templates.multipurposethemes.com/bootstrap-3/admin/cross-admin/src/assets/vendor_components/bootstrap/dist/fonts/glyphicons-halflings-regular.svg]
[html-templates.multipurposethemes.com/bootstrap-3/admin/cross-admin/src/assets/vendor_components/font-awesome/fonts/fontawesome-webfont3e6e.svg]
[html-templates.multipurposethemes.com/bootstrap-3/admin/cross-admin/src/assets/vendor_components/Ionicons/fonts/ionicons28b5.svg]
[html-templates.multipurposethemes.com/bootstrap-3/admin/cross-admin/src/img/boxed-bg.html]
[html-templates.multipurposethemes.com/bootstrap-3/admin/cross-admin/src/assets/vendor_components/jvectormap/jquery-jvectormap.css]
[html-templates.multipurposethemes.com/bootstrap-3/admin/cross-admin/images/1.jpg]
[html-templates.multipurposethemes.com/bootstrap-3/admin/cross-admin/src/pages/mailbox/read-mail.html]
[html-templates.multipurposethemes.com/bootstrap-3/admin/cross-admin/src/assets/vendor_plugins/bootstrap-wysihtml5/bootstrap3-wysihtml5.min.css]
[html-templates.multipurposethemes.com/bootstrap-3/admin/cross-admin/src/js/pages/mail-compose.js]
[html-templates.multipurposethemes.com/bootstrap-3/admin/cross-admin/src/pages/mailbox/compose.html]
[html-templates.multipurposethemes.com/bootstrap-3/admin/cross-admin/src/assets/vendor_components/bootstrap/dist/css/bootstrap.min.css]
[html-templates.multipurposethemes.com/bootstrap-3/admin/cross-admin/src/assets/vendor_components/font-awesome/css/font-awesome.min.css]
[html-templates.multipurposethemes.com/bootstrap-3/admin/cross-admin/src/assets/vendor_components/Ionicons/css/ionicons.min.css]
[html-templates.multipurposethemes.com/bootstrap-3/admin/cross-admin/src/pages/layout/top-nav.html]
[html-templates.multipurposethemes.com/bootstrap-3/admin/cross-admin/src/assets/vendor_plugins/bootstrap-slider/slider.css]
[html-templates.multipurposethemes.com/bootstrap-3/admin/cross-admin/src/assets/vendor_components/bootstrap-datepicker/dist/css/bootstrap-datepicker.min.css]
[html-templates.multipurposethemes.com/bootstrap-3/admin/cross-admin/src/assets/vendor_plugins/iCheck/minimal/_all.css]
[html-templates.multipurposethemes.com/bootstrap-3/admin/cross-admin/src/assets/vendor_plugins/bootstrap-wysihtml5/bootstrap3-wysihtml5.all.min.js]
[html-templates.multipurposethemes.com/bootstrap-3/admin/cross-admin/src/assets/vendor_plugins/iCheck/square/_all.css]
[html-templates.multipurposethemes.com/bootstrap-3/admin/cross-admin/src/assets/vendor_plugins/iCheck/flat/_all.css]
[html-templates.multipurposethemes.com/bootstrap-3/admin/cross-admin/src/assets/vendor_plugins/iCheck/line/_all.css]
[html-templates.multipurposethemes.com/bootstrap-3/admin/cross-admin/src/assets/vendor_plugins/iCheck/polaris/polaris.css]
[html-templates.multipurposethemes.com/bootstrap-3/admin/cross-admin/src/assets/vendor_plugins/iCheck/all.css]
[html-templates.multipurposethemes.com/bootstrap-3/admin/cross-admin/src/assets/vendor_plugins/iCheck/futurico/futurico.css]
[html-templates.multipurposethemes.com/bootstrap-3/admin/cross-admin/src/assets/vendor_components/bootstrap-colorpicker/dist/img/bootstrap-colorpicker/hue.png]
[html-templates.multipurposethemes.com/bootstrap-3/admin/cross-admin/src/assets/vendor_components/bootstrap-colorpicker/dist/img/bootstrap-colorpi/saturation.b9.delaye]
[html-templates.multipurposethemes.com/bootstrap-3/admin/cross-admin/src/assets/vendor_components/bootstrap-colorpicker/dist/img/bootstrap-colorpicker/alpha.png]
[html-templates.multipurposethemes.com/bootstrap-3/admin/cross-admin/src/assets/vendor_components/bootstrap-colorpicker/dist/css/bootstrap-colorpicker.min.css]
[html-templates.multipurposethemes.com/bootstrap-3/admin/cross-admin/src/assets/vendor_components/bootstrap-colorpicker/dist/img/bootstrap-colo/hue-horizontal.bc.delay]
[html-templates.multipurposethemes.com/bootstrap-3/admin/cross-admin/src/assets/vendor_components/bootstrap-colorpicker/dist/img/bootstrap-colo/alpha-horizontal.bd.del]
[html-templates.multipurposethemes.com/bootstrap-3/admin/cross-admin/src/assets/vendor_plugins/timepicker/bootstrap-timepicker.min.css]
[html-templates.multipurposethemes.com/bootstrap-3/admin/cross-admin/src/assets/vendor_components/select2/dist/css/select2.min.css]
[html-templates.multipurposethemes.com/bootstrap-3/admin/cross-admin/src/forms/general.html]
[html-templates.multipurposethemes.com/bootstrap-3/admin/cross-admin/src/forms/advanced.html]
[html-templates.multipurposethemes.com/bootstrap-3/admin/cross-admin/src/forms/editors.html]
[html-templates.multipurposethemes.com/bootstrap-3/admin/cross-admin/src/assets/vendor_components/fullcalendar/dist/fullcalendar.min.css]
[html-templates.multipurposethemes.com/bootstrap-3/admin/cross-admin/src/assets/vendor_components/fullcalendar/dist/fullcalendar.print.min.css]
[html-templates.multipurposethemes.com/bootstrap-3/admin/cross-admin/src/assets/vendor_plugins/iCheck/flat/blue.png]
[html-templates.multipurposethemes.com/bootstrap-3/admin/cross-admin/src/assets/vendor_plugins/iCheck/flat/blue@2x.png]
[html-templates.multipurposethemes.com/bootstrap-3/admin/cross-admin/src/assets/vendor_plugins/iCheck/flat/blue.css]
[html-templates.multipurposethemes.com/bootstrap-3/admin/cross-admin/src/assets/vendor_plugins/pace/pace.min.css]
[html-templates.multipurposethemes.com/bootstrap-3/admin/cross-admin/src/assets/vendor_plugins/bootstrap-wysihtml5/bootstrap3-wysihtml5.min.css]
[html-templates.multipurposethemes.com/bootstrap-3/admin/cross-admin/src/assets/vendor_plugins/iCheck/minimal/red.png]
[html-templates.multipurposethemes.com/bootstrap-3/admin/cross-admin/src/assets/vendor_plugins/iCheck/minimal/red@2x.png]
[html-templates.multipurposethemes.com/bootstrap-3/admin/cross-admin/src/assets/vendor_plugins/iCheck/minimal/green.png]
[html-templates.multipurposethemes.com/bootstrap-3/admin/cross-admin/src/assets/vendor_plugins/iCheck/minimal/green@2x.png]
[html-templates.multipurposethemes.com/bootstrap-3/admin/cross-admin/src/assets/vendor_plugins/iCheck/minimal/blue.png]
[html-templates.multipurposethemes.com/bootstrap-3/admin/cross-admin/src/assets/vendor_plugins/iCheck/minimal/blue@2x.png]
[html-templates.multipurposethemes.com/bootstrap-3/admin/cross-admin/src/assets/vendor_plugins/iCheck/minimal/aero.png]
[html-templates.multipurposethemes.com/bootstrap-3/admin/cross-admin/src/assets/vendor_plugins/iCheck/minimal/aero@2x.png]
[html-templates.multipurposethemes.com/bootstrap-3/admin/cross-admin/src/assets/vendor_plugins/iCheck/minimal/grey.png]
[html-templates.multipurposethemes.com/bootstrap-3/admin/cross-admin/src/assets/vendor_plugins/iCheck/minimal/grey@2x.png]
[html-templates.multipurposethemes.com/bootstrap-3/admin/cross-admin/src/assets/vendor_plugins/iCheck/minimal/orange.png]
[html-templates.multipurposethemes.com/bootstrap-3/admin/cross-admin/src/assets/vendor_plugins/iCheck/minimal/orange@2x.png]
[html-templates.multipurposethemes.com/bootstrap-3/admin/cross-admin/src/assets/vendor_plugins/iCheck/minimal/yellow.png]
[html-templates.multipurposethemes.com/bootstrap-3/admin/cross-admin/src/assets/vendor_plugins/iCheck/minimal/yellow@2x.png]
[html-templates.multipurposethemes.com/bootstrap-3/admin/cross-admin/src/assets/vendor_plugins/iCheck/minimal/pink.png]
[html-templates.multipurposethemes.com/bootstrap-3/admin/cross-admin/src/assets/vendor_plugins/iCheck/minimal/pink@2x.png]
[html-templates.multipurposethemes.com/bootstrap-3/admin/cross-admin/src/assets/vendor_plugins/iCheck/minimal/purple.png]
[html-templates.multipurposethemes.com/bootstrap-3/admin/cross-admin/src/assets/vendor_plugins/iCheck/minimal/purple@2x.png]
[html-templates.multipurposethemes.com/bootstrap-3/admin/cross-admin/src/assets/vendor_plugins/iCheck/minimal/_all.css]
[html-templates.multipurposethemes.com/bootstrap-3/admin/cross-admin/src/assets/vendor_plugins/iCheck/square/square.png]
[html-templates.multipurposethemes.com/bootstrap-3/admin/cross-admin/src/assets/vendor_plugins/iCheck/square/square@2x.png]
[html-templates.multipurposethemes.com/bootstrap-3/admin/cross-admin/src/assets/vendor_plugins/iCheck/square/red.png]
[html-templates.multipurposethemes.com/bootstrap-3/admin/cross-admin/src/assets/vendor_plugins/iCheck/square/red@2x.png]
[html-templates.multipurposethemes.com/bootstrap-3/admin/cross-admin/src/assets/vendor_plugins/iCheck/square/green.png]
[html-templates.multipurposethemes.com/bootstrap-3/admin/cross-admin/src/assets/vendor_plugins/iCheck/square/green@2x.png]
[html-templates.multipurposethemes.com/bootstrap-3/admin/cross-admin/src/assets/vendor_plugins/iCheck/square/blue.png]
[html-templates.multipurposethemes.com/bootstrap-3/admin/cross-admin/src/assets/vendor_plugins/iCheck/square/blue@2x.png]
[html-templates.multipurposethemes.com/bootstrap-3/admin/cross-admin/src/assets/vendor_plugins/iCheck/square/aero.png]
[html-templates.multipurposethemes.com/bootstrap-3/admin/cross-admin/src/assets/vendor_plugins/iCheck/square/aero@2x.png]
[html-templates.multipurposethemes.com/bootstrap-3/admin/cross-admin/src/assets/vendor_plugins/iCheck/square/grey.png]
[html-templates.multipurposethemes.com/bootstrap-3/admin/cross-admin/src/assets/vendor_plugins/iCheck/square/grey@2x.png]
[html-templates.multipurposethemes.com/bootstrap-3/admin/cross-admin/src/assets/vendor_plugins/iCheck/square/orange.png]
[html-templates.multipurposethemes.com/bootstrap-3/admin/cross-admin/src/assets/vendor_plugins/iCheck/square/orange@2x.png]
[html-templates.multipurposethemes.com/bootstrap-3/admin/cross-admin/src/assets/vendor_plugins/iCheck/square/yellow.png]
[html-templates.multipurposethemes.com/bootstrap-3/admin/cross-admin/src/assets/vendor_plugins/iCheck/square/yellow@2x.png]
[html-templates.multipurposethemes.com/bootstrap-3/admin/cross-admin/src/assets/vendor_plugins/iCheck/square/pink.png]
[html-templates.multipurposethemes.com/bootstrap-3/admin/cross-admin/src/assets/vendor_plugins/iCheck/square/pink@2x.png]
[html-templates.multipurposethemes.com/bootstrap-3/admin/cross-admin/src/assets/vendor_plugins/iCheck/square/purple.png]
[html-templates.multipurposethemes.com/bootstrap-3/admin/cross-admin/src/assets/vendor_plugins/iCheck/square/purple@2x.png]
[html-templates.multipurposethemes.com/bootstrap-3/admin/cross-admin/src/assets/vendor_plugins/iCheck/square/_all.css]
[html-templates.multipurposethemes.com/bootstrap-3/admin/cross-admin/src/assets/vendor_plugins/iCheck/flat/flat.png]
[html-templates.multipurposethemes.com/bootstrap-3/admin/cross-admin/src/assets/vendor_plugins/iCheck/flat/flat@2x.png]
[html-templates.multipurposethemes.com/bootstrap-3/admin/cross-admin/src/assets/vendor_plugins/iCheck/flat/red.png]
[html-templates.multipurposethemes.com/bootstrap-3/admin/cross-admin/src/assets/vendor_plugins/iCheck/flat/red@2x.png]
[html-templates.multipurposethemes.com/bootstrap-3/admin/cross-admin/src/assets/vendor_plugins/iCheck/flat/green.png]
[html-templates.multipurposethemes.com/bootstrap-3/admin/cross-admin/src/assets/vendor_plugins/iCheck/flat/green@2x.png]
[html-templates.multipurposethemes.com/bootstrap-3/admin/cross-admin/src/assets/vendor_plugins/iCheck/flat/aero.png]
[html-templates.multipurposethemes.com/bootstrap-3/admin/cross-admin/src/assets/vendor_plugins/iCheck/flat/aero@2x.png]
[html-templates.multipurposethemes.com/bootstrap-3/admin/cross-admin/src/assets/vendor_plugins/iCheck/flat/grey.png]
[html-templates.multipurposethemes.com/bootstrap-3/admin/cross-admin/src/assets/vendor_plugins/iCheck/flat/grey@2x.png]
[html-templates.multipurposethemes.com/bootstrap-3/admin/cross-admin/src/assets/vendor_plugins/iCheck/flat/orange.png]
[html-templates.multipurposethemes.com/bootstrap-3/admin/cross-admin/src/assets/vendor_plugins/iCheck/flat/orange@2x.png]
[html-templates.multipurposethemes.com/bootstrap-3/admin/cross-admin/src/assets/vendor_plugins/iCheck/flat/yellow.png]
[html-templates.multipurposethemes.com/bootstrap-3/admin/cross-admin/src/assets/vendor_plugins/iCheck/flat/yellow@2x.png]
[html-templates.multipurposethemes.com/bootstrap-3/admin/cross-admin/src/assets/vendor_plugins/iCheck/flat/pink.png]
[html-templates.multipurposethemes.com/bootstrap-3/admin/cross-admin/src/assets/vendor_plugins/iCheck/flat/pink@2x.png]
[html-templates.multipurposethemes.com/bootstrap-3/admin/cross-admin/src/assets/vendor_plugins/iCheck/flat/purple.png]
[html-templates.multipurposethemes.com/bootstrap-3/admin/cross-admin/src/assets/vendor_plugins/iCheck/flat/purple@2x.png]
[html-templates.multipurposethemes.com/bootstrap-3/admin/cross-admin/src/assets/vendor_plugins/iCheck/flat/_all.css]
[html-templates.multipurposethemes.com/bootstrap-3/admin/cross-admin/src/assets/vendor_plugins/iCheck/line/line.png]
[html-templates.multipurposethemes.com/bootstrap-3/admin/cross-admin/src/assets/vendor_plugins/iCheck/line/line@2x.png]
[html-templates.multipurposethemes.com/bootstrap-3/admin/cross-admin/src/assets/vendor_plugins/iCheck/line/_all.css]
[html-templates.multipurposethemes.com/bootstrap-3/admin/cross-admin/src/assets/vendor_plugins/iCheck/polaris/polaris.png]
[html-templates.multipurposethemes.com/bootstrap-3/admin/cross-admin/src/assets/vendor_plugins/iCheck/polaris/polaris@2x.png]
[html-templates.multipurposethemes.com/bootstrap-3/admin/cross-admin/src/assets/vendor_plugins/iCheck/polaris/polaris.css]
[html-templates.multipurposethemes.com/bootstrap-3/admin/cross-admin/src/assets/vendor_plugins/iCheck/futurico/futurico.png]
[html-templates.multipurposethemes.com/bootstrap-3/admin/cross-admin/src/assets/vendor_plugins/iCheck/futurico/futurico@2x.png]
[html-templates.multipurposethemes.com/bootstrap-3/admin/cross-admin/src/assets/vendor_plugins/iCheck/futurico/futurico.css]
[html-templates.multipurposethemes.com/bootstrap-3/admin/cross-admin/src/pages/examples/register.html]
[html-templates.multipurposethemes.com/bootstrap-3/admin/cross-admin/images/login-register.html]
